// Jest Snapshot v1, https://goo.gl/fbAQLP

exports[`renders a snapshot 1`] = `
<div
  className="App"
>
  <div
    className="card"
  >
    <img
      className="card-img"
      src="https://scontent-atl3-2.xx.fbcdn.net/v/t39.30808-6/289595442_6007540519261753_8905499865140227128_n.jpg?_nc_cat=108&ccb=1-7&_nc_sid=09cbfe&_nc_ohc=aAr4Nepd_tkAX8zgYyX&_nc_ht=scontent-atl3-2.xx&oh=00_AT8QsiYyw87lZmLgS00iyRP4DnZ2wklyX201mcAvfkSqQw&oe=630C7127"
      style={
        Object {
          "borderRadius": "50%",
          "width": "30vw",
        }
      }
    />
    <div
      className="card-body"
    >
      <div
        className="card-title h5"
      >
        <a
          class="link"
          href="https://github.com/lxMZK"
        >
          <small>
            github.com/ 
          </small>
          lxMZK
        </a>
      </div>
      <p
        className="card-text"
      >
        Hi I'm Alex! I'm an up and coming web dev just looking for a place to start!
      </p>
    </div>
  </div>
</div>
`;
